../Core/Src/main.c:113:5:main	424	static
../Core/Src/main.c:410:6:SystemClock_Config	88	static
../Core/Src/main.c:457:13:MX_ADC2_Init	40	static
../Core/Src/main.c:516:13:MX_FDCAN1_Init	8	static
../Core/Src/main.c:559:13:MX_FDCAN2_Init	8	static
../Core/Src/main.c:602:13:MX_SPI2_Init	8	static
../Core/Src/main.c:642:13:MX_TIM1_Init	104	static
../Core/Src/main.c:719:13:MX_TIM2_Init	48	static
../Core/Src/main.c:773:13:MX_TIM8_Init	104	static
../Core/Src/main.c:857:13:MX_USART1_UART_Init	8	static
../Core/Src/main.c:905:13:MX_USART2_UART_Init	8	static
../Core/Src/main.c:953:13:MX_GPIO_Init	48	static
../Core/Src/main.c:1030:6:Error_Handler	4	static,ignoring_inline_asm
