../Core/Src/tmc2209.c:19:11:tmc2209_new	176	static
../Core/Src/tmc2209.c:143:10:tmc2209_read	48	static
../Core/Src/tmc2209.c:182:6:tmc2209_write	32	static
../Core/Src/tmc2209.c:203:6:tmc2209_set_GCONF	24	static
../Core/Src/tmc2209.c:216:6:tmc2209_get_GCONF	16	static
../Core/Src/tmc2209.c:224:6:tmc2209_get_GSTAT	16	static
../Core/Src/tmc2209.c:232:6:tmc2209_reset_GSTAT	24	static
../Core/Src/tmc2209.c:245:6:tmc2209_get_IFCNT	16	static
../Core/Src/tmc2209.c:253:6:tmc2209_set_SLAVECONF	24	static
../Core/Src/tmc2209.c:266:6:tmc2209_set_OTP_PROG	24	static
../Core/Src/tmc2209.c:279:6:tmc2209_get_OTP_READ	16	static
../Core/Src/tmc2209.c:287:6:tmc2209_get_IOIN	16	static
../Core/Src/tmc2209.c:295:6:tmc2209_set_FACTORY_CONF	24	static
../Core/Src/tmc2209.c:308:6:tmc2209_get_FACTORY_CONF	16	static
../Core/Src/tmc2209.c:316:6:tmc2209_set_IHOLD_IRUN	24	static
../Core/Src/tmc2209.c:329:6:tmc2209_set_TPOWERDOWN	24	static
../Core/Src/tmc2209.c:342:6:tmc2209_get_TSTEP	16	static
../Core/Src/tmc2209.c:350:6:tmc2209_set_TPWMTHRS	24	static
../Core/Src/tmc2209.c:363:6:tmc2209_set_VACTUAL	24	static
../Core/Src/tmc2209.c:380:6:tmc2209_set_TCOOLTHRS	24	static
../Core/Src/tmc2209.c:393:6:tmc2209_set_SGTHRS	24	static
../Core/Src/tmc2209.c:406:6:tmc2209_get_SG_RESULT	16	static
../Core/Src/tmc2209.c:414:6:tmc2209_set_COOLCONF	24	static
../Core/Src/tmc2209.c:427:6:tmc2209_get_MSCNT	16	static
../Core/Src/tmc2209.c:435:6:tmc2209_get_MSCURACT	16	static
../Core/Src/tmc2209.c:443:6:tmc2209_set_CHOPCONF	24	static
../Core/Src/tmc2209.c:456:6:tmc2209_get_CHOPCONF	16	static
../Core/Src/tmc2209.c:464:6:tmc2209_get_DRV_STATUS	16	static
../Core/Src/tmc2209.c:472:6:tmc2209_set_PWMCONF	24	static
../Core/Src/tmc2209.c:485:6:tmc2209_get_PWMCONF	16	static
../Core/Src/tmc2209.c:493:6:tmc2209_get_PWM_SCALE	16	static
../Core/Src/tmc2209.c:501:6:tmc2209_get_PWM_AUTO	16	static
../Core/Src/tmc2209.c:509:6:tmc2209_calculate_CRC	32	static
../Core/Src/tmc2209.c:537:6:tmc2209_reset	16	static
../Core/Src/tmc2209.c:545:6:tmc2209_set_mode	16	static
../Core/Src/tmc2209.c:587:6:tmc2209_set_dir	16	static
../Core/Src/tmc2209.c:597:6:tmc2209_step_off	16	static
../Core/Src/tmc2209.c:607:6:tmc2209_step_on	16	static
../Core/Src/tmc2209.c:617:6:tmc2209_step	16	static
../Core/Src/tmc2209.c:627:6:tmc2209_step_count	16	static
../Core/Src/tmc2209.c:640:6:tmc2209_set_speed	16	static
../Core/Src/tmc2209.c:647:6:tmc2209_set_acceleration	16	static
../Core/Src/tmc2209.c:654:6:tmc2209_on	16	static
../Core/Src/tmc2209.c:661:6:tmc2209_off	16	static
